
> raj-humraskar@0.0.0 build
> vite build

[36mvite v8.0.1 [32mbuilding client environment for production...[36m[39m
[2K
transforming...Γ£ô 450 modules transformed.
rendering chunks...
computing gzip size...
dist/index.html                   0.46 kB Γöé gzip:   0.29 kB
dist/assets/index-DttddKMH.css   36.12 kB Γöé gzip:   6.56 kB
dist/assets/index-BEmoSd-r.js   375.85 kB Γöé gzip: 115.79 kB

[32mΓ£ô built in 295ms[39m
